Archive member included to satisfy reference by file (symbol)

/usr/lib/gcc/avr/4.9.2/avr5/libgcc.a(_divmodhi4.o)
                              ./Source/main.o (__divmodhi4)
/usr/lib/gcc/avr/4.9.2/avr5/libgcc.a(_exit.o)
                              /usr/lib/gcc/avr/4.9.2/../../../avr/lib/avr5/crtatmega16.o (exit)
/usr/lib/gcc/avr/4.9.2/avr5/libgcc.a(_copy_data.o)
                              ./Source/main.o (__do_copy_data)
/usr/lib/gcc/avr/4.9.2/avr5/libgcc.a(_clear_bss.o)
                              ./Source/main.o (__do_clear_bss)
/usr/lib/gcc/avr/4.9.2/avr5/libgcc.a(_udivmodhi4.o)
                              /usr/lib/gcc/avr/4.9.2/avr5/libgcc.a(_divmodhi4.o) (__udivmodhi4)
/usr/lib/gcc/avr/4.9.2/../../../avr/lib/avr5/libm.a(addsf3.o)
                              ./Source/main.o (__addsf3)
/usr/lib/gcc/avr/4.9.2/../../../avr/lib/avr5/libm.a(addsf3x.o)
                              /usr/lib/gcc/avr/4.9.2/../../../avr/lib/avr5/libm.a(addsf3.o) (__addsf3x)
/usr/lib/gcc/avr/4.9.2/../../../avr/lib/avr5/libm.a(divsf3.o)
                              ./Source/main.o (__divsf3)
/usr/lib/gcc/avr/4.9.2/../../../avr/lib/avr5/libm.a(divsf3x.o)
                              /usr/lib/gcc/avr/4.9.2/../../../avr/lib/avr5/libm.a(divsf3.o) (__divsf3x)
/usr/lib/gcc/avr/4.9.2/../../../avr/lib/avr5/libm.a(fixsfsi.o)
                              ./Source/main.o (__fixsfsi)
/usr/lib/gcc/avr/4.9.2/../../../avr/lib/avr5/libm.a(fixunssfsi.o)
                              /usr/lib/gcc/avr/4.9.2/../../../avr/lib/avr5/libm.a(fixsfsi.o) (__fixunssfsi)
/usr/lib/gcc/avr/4.9.2/../../../avr/lib/avr5/libm.a(floatsisf.o)
                              ./Source/main.o (__floatsisf)
/usr/lib/gcc/avr/4.9.2/../../../avr/lib/avr5/libm.a(fp_inf.o)
                              /usr/lib/gcc/avr/4.9.2/../../../avr/lib/avr5/libm.a(addsf3x.o) (__fp_inf)
/usr/lib/gcc/avr/4.9.2/../../../avr/lib/avr5/libm.a(fp_nan.o)
                              /usr/lib/gcc/avr/4.9.2/../../../avr/lib/avr5/libm.a(addsf3x.o) (__fp_nan)
/usr/lib/gcc/avr/4.9.2/../../../avr/lib/avr5/libm.a(fp_pscA.o)
                              /usr/lib/gcc/avr/4.9.2/../../../avr/lib/avr5/libm.a(addsf3x.o) (__fp_pscA)
/usr/lib/gcc/avr/4.9.2/../../../avr/lib/avr5/libm.a(fp_pscB.o)
                              /usr/lib/gcc/avr/4.9.2/../../../avr/lib/avr5/libm.a(addsf3x.o) (__fp_pscB)
/usr/lib/gcc/avr/4.9.2/../../../avr/lib/avr5/libm.a(fp_round.o)
                              /usr/lib/gcc/avr/4.9.2/../../../avr/lib/avr5/libm.a(addsf3.o) (__fp_round)
/usr/lib/gcc/avr/4.9.2/../../../avr/lib/avr5/libm.a(fp_split3.o)
                              /usr/lib/gcc/avr/4.9.2/../../../avr/lib/avr5/libm.a(addsf3x.o) (__fp_split3)
/usr/lib/gcc/avr/4.9.2/../../../avr/lib/avr5/libm.a(fp_zero.o)
                              /usr/lib/gcc/avr/4.9.2/../../../avr/lib/avr5/libm.a(addsf3x.o) (__fp_zero)
/usr/lib/gcc/avr/4.9.2/../../../avr/lib/avr5/libm.a(mulsf3.o)
                              ./Source/main.o (__mulsf3)
/usr/lib/gcc/avr/4.9.2/../../../avr/lib/avr5/libm.a(mulsf3x.o)
                              /usr/lib/gcc/avr/4.9.2/../../../avr/lib/avr5/libm.a(mulsf3.o) (__mulsf3x)

Memory Configuration

Name             Origin             Length             Attributes
text             0x0000000000000000 0x0000000000020000 xr
data             0x0000000000800060 0x000000000000ffa0 rw !x
eeprom           0x0000000000810000 0x0000000000010000 rw !x
fuse             0x0000000000820000 0x0000000000000400 rw !x
lock             0x0000000000830000 0x0000000000000400 rw !x
signature        0x0000000000840000 0x0000000000000400 rw !x
user_signatures  0x0000000000850000 0x0000000000000400 rw !x
*default*        0x0000000000000000 0xffffffffffffffff

Linker script and memory map

LOAD /usr/lib/gcc/avr/4.9.2/../../../avr/lib/avr5/crtatmega16.o
LOAD ./Source/main.o
START GROUP
LOAD /usr/lib/gcc/avr/4.9.2/avr5/libgcc.a
LOAD /usr/lib/gcc/avr/4.9.2/../../../avr/lib/avr5/libm.a
LOAD /usr/lib/gcc/avr/4.9.2/../../../avr/lib/avr5/libc.a
LOAD /usr/lib/gcc/avr/4.9.2/../../../avr/lib/avr5/libatmega16.a
END GROUP

.hash
 *(.hash)

.dynsym
 *(.dynsym)

.dynstr
 *(.dynstr)

.gnu.version
 *(.gnu.version)

.gnu.version_d
 *(.gnu.version_d)

.gnu.version_r
 *(.gnu.version_r)

.rel.init
 *(.rel.init)

.rela.init
 *(.rela.init)

.rel.text
 *(.rel.text)
 *(.rel.text.*)
 *(.rel.gnu.linkonce.t*)

.rela.text
 *(.rela.text)
 *(.rela.text.*)
 *(.rela.gnu.linkonce.t*)

.rel.fini
 *(.rel.fini)

.rela.fini
 *(.rela.fini)

.rel.rodata
 *(.rel.rodata)
 *(.rel.rodata.*)
 *(.rel.gnu.linkonce.r*)

.rela.rodata
 *(.rela.rodata)
 *(.rela.rodata.*)
 *(.rela.gnu.linkonce.r*)

.rel.data
 *(.rel.data)
 *(.rel.data.*)
 *(.rel.gnu.linkonce.d*)

.rela.data
 *(.rela.data)
 *(.rela.data.*)
 *(.rela.gnu.linkonce.d*)

.rel.ctors
 *(.rel.ctors)

.rela.ctors
 *(.rela.ctors)

.rel.dtors
 *(.rel.dtors)

.rela.dtors
 *(.rela.dtors)

.rel.got
 *(.rel.got)

.rela.got
 *(.rela.got)

.rel.bss
 *(.rel.bss)

.rela.bss
 *(.rela.bss)

.rel.plt
 *(.rel.plt)

.rela.plt
 *(.rela.plt)

.text           0x0000000000000000      0xcda
 *(.vectors)
 .vectors       0x0000000000000000       0x54 /usr/lib/gcc/avr/4.9.2/../../../avr/lib/avr5/crtatmega16.o
                0x0000000000000000                __vectors
                0x0000000000000000                __vector_default
 *(.vectors)
 *(.progmem.gcc*)
                0x0000000000000054                . = ALIGN (0x2)
                0x0000000000000054                __trampolines_start = .
 *(.trampolines)
 .trampolines   0x0000000000000054        0x0 linker stubs
 *(.trampolines*)
                0x0000000000000054                __trampolines_end = .
 *(.progmem*)
                0x0000000000000054                . = ALIGN (0x2)
 *(.jumptables)
 *(.jumptables*)
 *(.lowtext)
 *(.lowtext*)
                0x0000000000000054                __ctors_start = .
 *(.ctors)
                0x0000000000000054                __ctors_end = .
                0x0000000000000054                __dtors_start = .
 *(.dtors)
                0x0000000000000054                __dtors_end = .
 SORT(*)(.ctors)
 SORT(*)(.dtors)
 *(.init0)
 .init0         0x0000000000000054        0x0 /usr/lib/gcc/avr/4.9.2/../../../avr/lib/avr5/crtatmega16.o
                0x0000000000000054                __init
 *(.init0)
 *(.init1)
 *(.init1)
 *(.init2)
 .init2         0x0000000000000054        0xc /usr/lib/gcc/avr/4.9.2/../../../avr/lib/avr5/crtatmega16.o
 *(.init2)
 *(.init3)
 *(.init3)
 *(.init4)
 .init4         0x0000000000000060       0x16 /usr/lib/gcc/avr/4.9.2/avr5/libgcc.a(_copy_data.o)
                0x0000000000000060                __do_copy_data
 .init4         0x0000000000000076       0x10 /usr/lib/gcc/avr/4.9.2/avr5/libgcc.a(_clear_bss.o)
                0x0000000000000076                __do_clear_bss
 *(.init4)
 *(.init5)
 *(.init5)
 *(.init6)
 *(.init6)
 *(.init7)
 *(.init7)
 *(.init8)
 *(.init8)
 *(.init9)
 .init9         0x0000000000000086        0x8 /usr/lib/gcc/avr/4.9.2/../../../avr/lib/avr5/crtatmega16.o
 *(.init9)
 *(.text)
 .text          0x000000000000008e        0x4 /usr/lib/gcc/avr/4.9.2/../../../avr/lib/avr5/crtatmega16.o
                0x000000000000008e                __vector_1
                0x000000000000008e                __vector_12
                0x000000000000008e                __bad_interrupt
                0x000000000000008e                __vector_6
                0x000000000000008e                __vector_3
                0x000000000000008e                __vector_11
                0x000000000000008e                __vector_13
                0x000000000000008e                __vector_17
                0x000000000000008e                __vector_19
                0x000000000000008e                __vector_7
                0x000000000000008e                __vector_5
                0x000000000000008e                __vector_4
                0x000000000000008e                __vector_9
                0x000000000000008e                __vector_2
                0x000000000000008e                __vector_15
                0x000000000000008e                __vector_8
                0x000000000000008e                __vector_14
                0x000000000000008e                __vector_10
                0x000000000000008e                __vector_16
                0x000000000000008e                __vector_18
                0x000000000000008e                __vector_20
 .text          0x0000000000000092        0x0 ./Source/main.o
 .text          0x0000000000000092        0x0 /usr/lib/gcc/avr/4.9.2/avr5/libgcc.a(_divmodhi4.o)
 .text          0x0000000000000092        0x0 /usr/lib/gcc/avr/4.9.2/avr5/libgcc.a(_exit.o)
 .text          0x0000000000000092        0x0 /usr/lib/gcc/avr/4.9.2/avr5/libgcc.a(_copy_data.o)
 .text          0x0000000000000092        0x0 /usr/lib/gcc/avr/4.9.2/avr5/libgcc.a(_clear_bss.o)
 .text          0x0000000000000092        0x0 /usr/lib/gcc/avr/4.9.2/avr5/libgcc.a(_udivmodhi4.o)
 .text          0x0000000000000092        0x0 /usr/lib/gcc/avr/4.9.2/../../../avr/lib/avr5/libm.a(addsf3.o)
 .text          0x0000000000000092        0x0 /usr/lib/gcc/avr/4.9.2/../../../avr/lib/avr5/libm.a(addsf3x.o)
 .text          0x0000000000000092        0x0 /usr/lib/gcc/avr/4.9.2/../../../avr/lib/avr5/libm.a(divsf3.o)
 .text          0x0000000000000092        0x0 /usr/lib/gcc/avr/4.9.2/../../../avr/lib/avr5/libm.a(divsf3x.o)
 .text          0x0000000000000092        0x0 /usr/lib/gcc/avr/4.9.2/../../../avr/lib/avr5/libm.a(fixsfsi.o)
 .text          0x0000000000000092        0x0 /usr/lib/gcc/avr/4.9.2/../../../avr/lib/avr5/libm.a(fixunssfsi.o)
 .text          0x0000000000000092        0x0 /usr/lib/gcc/avr/4.9.2/../../../avr/lib/avr5/libm.a(floatsisf.o)
 .text          0x0000000000000092        0x0 /usr/lib/gcc/avr/4.9.2/../../../avr/lib/avr5/libm.a(fp_inf.o)
 .text          0x0000000000000092        0x0 /usr/lib/gcc/avr/4.9.2/../../../avr/lib/avr5/libm.a(fp_nan.o)
 .text          0x0000000000000092        0x0 /usr/lib/gcc/avr/4.9.2/../../../avr/lib/avr5/libm.a(fp_pscA.o)
 .text          0x0000000000000092        0x0 /usr/lib/gcc/avr/4.9.2/../../../avr/lib/avr5/libm.a(fp_pscB.o)
 .text          0x0000000000000092        0x0 /usr/lib/gcc/avr/4.9.2/../../../avr/lib/avr5/libm.a(fp_round.o)
 .text          0x0000000000000092        0x0 /usr/lib/gcc/avr/4.9.2/../../../avr/lib/avr5/libm.a(fp_split3.o)
 .text          0x0000000000000092        0x0 /usr/lib/gcc/avr/4.9.2/../../../avr/lib/avr5/libm.a(fp_zero.o)
 .text          0x0000000000000092        0x0 /usr/lib/gcc/avr/4.9.2/../../../avr/lib/avr5/libm.a(mulsf3.o)
 .text          0x0000000000000092        0x0 /usr/lib/gcc/avr/4.9.2/../../../avr/lib/avr5/libm.a(mulsf3x.o)
                0x0000000000000092                . = ALIGN (0x2)
 *(.text.*)
 .text.getData  0x0000000000000092       0x8a ./Source/main.o
                0x0000000000000092                getData
 .text.map      0x000000000000011c       0x90 ./Source/main.o
                0x000000000000011c                map
 .text.startup.main
                0x00000000000001ac      0x6ba ./Source/main.o
                0x00000000000001ac                main
 .text.libgcc.mul
                0x0000000000000866        0x0 /usr/lib/gcc/avr/4.9.2/avr5/libgcc.a(_divmodhi4.o)
 .text.libgcc.div
                0x0000000000000866       0x28 /usr/lib/gcc/avr/4.9.2/avr5/libgcc.a(_divmodhi4.o)
                0x0000000000000866                __divmodhi4
                0x0000000000000866                _div
 .text.libgcc   0x000000000000088e        0x0 /usr/lib/gcc/avr/4.9.2/avr5/libgcc.a(_divmodhi4.o)
 .text.libgcc.prologue
                0x000000000000088e        0x0 /usr/lib/gcc/avr/4.9.2/avr5/libgcc.a(_divmodhi4.o)
 .text.libgcc.builtins
                0x000000000000088e        0x0 /usr/lib/gcc/avr/4.9.2/avr5/libgcc.a(_divmodhi4.o)
 .text.libgcc.fmul
                0x000000000000088e        0x0 /usr/lib/gcc/avr/4.9.2/avr5/libgcc.a(_divmodhi4.o)
 .text.libgcc.fixed
                0x000000000000088e        0x0 /usr/lib/gcc/avr/4.9.2/avr5/libgcc.a(_divmodhi4.o)
 .text.libgcc.mul
                0x000000000000088e        0x0 /usr/lib/gcc/avr/4.9.2/avr5/libgcc.a(_exit.o)
 .text.libgcc.div
                0x000000000000088e        0x0 /usr/lib/gcc/avr/4.9.2/avr5/libgcc.a(_exit.o)
 .text.libgcc   0x000000000000088e        0x0 /usr/lib/gcc/avr/4.9.2/avr5/libgcc.a(_exit.o)
 .text.libgcc.prologue
                0x000000000000088e        0x0 /usr/lib/gcc/avr/4.9.2/avr5/libgcc.a(_exit.o)
 .text.libgcc.builtins
                0x000000000000088e        0x0 /usr/lib/gcc/avr/4.9.2/avr5/libgcc.a(_exit.o)
 .text.libgcc.fmul
                0x000000000000088e        0x0 /usr/lib/gcc/avr/4.9.2/avr5/libgcc.a(_exit.o)
 .text.libgcc.fixed
                0x000000000000088e        0x0 /usr/lib/gcc/avr/4.9.2/avr5/libgcc.a(_exit.o)
 .text.libgcc.mul
                0x000000000000088e        0x0 /usr/lib/gcc/avr/4.9.2/avr5/libgcc.a(_copy_data.o)
 .text.libgcc.div
                0x000000000000088e        0x0 /usr/lib/gcc/avr/4.9.2/avr5/libgcc.a(_copy_data.o)
 .text.libgcc   0x000000000000088e        0x0 /usr/lib/gcc/avr/4.9.2/avr5/libgcc.a(_copy_data.o)
 .text.libgcc.prologue
                0x000000000000088e        0x0 /usr/lib/gcc/avr/4.9.2/avr5/libgcc.a(_copy_data.o)
 .text.libgcc.builtins
                0x000000000000088e        0x0 /usr/lib/gcc/avr/4.9.2/avr5/libgcc.a(_copy_data.o)
 .text.libgcc.fmul
                0x000000000000088e        0x0 /usr/lib/gcc/avr/4.9.2/avr5/libgcc.a(_copy_data.o)
 .text.libgcc.fixed
                0x000000000000088e        0x0 /usr/lib/gcc/avr/4.9.2/avr5/libgcc.a(_copy_data.o)
 .text.libgcc.mul
                0x000000000000088e        0x0 /usr/lib/gcc/avr/4.9.2/avr5/libgcc.a(_clear_bss.o)
 .text.libgcc.div
                0x000000000000088e        0x0 /usr/lib/gcc/avr/4.9.2/avr5/libgcc.a(_clear_bss.o)
 .text.libgcc   0x000000000000088e        0x0 /usr/lib/gcc/avr/4.9.2/avr5/libgcc.a(_clear_bss.o)
 .text.libgcc.prologue
                0x000000000000088e        0x0 /usr/lib/gcc/avr/4.9.2/avr5/libgcc.a(_clear_bss.o)
 .text.libgcc.builtins
                0x000000000000088e        0x0 /usr/lib/gcc/avr/4.9.2/avr5/libgcc.a(_clear_bss.o)
 .text.libgcc.fmul
                0x000000000000088e        0x0 /usr/lib/gcc/avr/4.9.2/avr5/libgcc.a(_clear_bss.o)
 .text.libgcc.fixed
                0x000000000000088e        0x0 /usr/lib/gcc/avr/4.9.2/avr5/libgcc.a(_clear_bss.o)
 .text.libgcc.mul
                0x000000000000088e        0x0 /usr/lib/gcc/avr/4.9.2/avr5/libgcc.a(_udivmodhi4.o)
 .text.libgcc.div
                0x000000000000088e       0x28 /usr/lib/gcc/avr/4.9.2/avr5/libgcc.a(_udivmodhi4.o)
                0x000000000000088e                __udivmodhi4
 .text.libgcc   0x00000000000008b6        0x0 /usr/lib/gcc/avr/4.9.2/avr5/libgcc.a(_udivmodhi4.o)
 .text.libgcc.prologue
                0x00000000000008b6        0x0 /usr/lib/gcc/avr/4.9.2/avr5/libgcc.a(_udivmodhi4.o)
 .text.libgcc.builtins
                0x00000000000008b6        0x0 /usr/lib/gcc/avr/4.9.2/avr5/libgcc.a(_udivmodhi4.o)
 .text.libgcc.fmul
                0x00000000000008b6        0x0 /usr/lib/gcc/avr/4.9.2/avr5/libgcc.a(_udivmodhi4.o)
 .text.libgcc.fixed
                0x00000000000008b6        0x0 /usr/lib/gcc/avr/4.9.2/avr5/libgcc.a(_udivmodhi4.o)
 .text.avr-libc.fplib
                0x00000000000008b6        0xe /usr/lib/gcc/avr/4.9.2/../../../avr/lib/avr5/libm.a(addsf3.o)
                0x00000000000008b6                __subsf3
                0x00000000000008b8                __addsf3
 .text.avr-libc.fplib
                0x00000000000008c4       0xcc /usr/lib/gcc/avr/4.9.2/../../../avr/lib/avr5/libm.a(addsf3x.o)
                0x00000000000008e6                __addsf3x
 .text.avr-libc.fplib
                0x0000000000000990        0x8 /usr/lib/gcc/avr/4.9.2/../../../avr/lib/avr5/libm.a(divsf3.o)
                0x0000000000000990                __divsf3
 .text.avr-libc.fplib
                0x0000000000000998       0xdc /usr/lib/gcc/avr/4.9.2/../../../avr/lib/avr5/libm.a(divsf3x.o)
                0x00000000000009b8                __divsf3x
                0x00000000000009be                __divsf3_pse
 .text.avr-libc.fplib
                0x0000000000000a74        0xe /usr/lib/gcc/avr/4.9.2/../../../avr/lib/avr5/libm.a(fixsfsi.o)
                0x0000000000000a74                __fixsfsi
 .text.avr-libc.fplib
                0x0000000000000a82       0x5e /usr/lib/gcc/avr/4.9.2/../../../avr/lib/avr5/libm.a(fixunssfsi.o)
                0x0000000000000a82                __fixunssfsi
 .text.avr-libc.fplib
                0x0000000000000ae0       0x7a /usr/lib/gcc/avr/4.9.2/../../../avr/lib/avr5/libm.a(floatsisf.o)
                0x0000000000000ae0                __floatunsisf
                0x0000000000000ae4                __floatsisf
 .text.avr-libc.fplib
                0x0000000000000b5a        0xc /usr/lib/gcc/avr/4.9.2/../../../avr/lib/avr5/libm.a(fp_inf.o)
                0x0000000000000b5a                __fp_inf
 .text.avr-libc.fplib
                0x0000000000000b66        0x6 /usr/lib/gcc/avr/4.9.2/../../../avr/lib/avr5/libm.a(fp_nan.o)
                0x0000000000000b66                __fp_nan
 .text.avr-libc.fplib
                0x0000000000000b6c        0xe /usr/lib/gcc/avr/4.9.2/../../../avr/lib/avr5/libm.a(fp_pscA.o)
                0x0000000000000b6c                __fp_pscA
 .text.avr-libc.fplib
                0x0000000000000b7a        0xe /usr/lib/gcc/avr/4.9.2/../../../avr/lib/avr5/libm.a(fp_pscB.o)
                0x0000000000000b7a                __fp_pscB
 .text.avr-libc.fplib
                0x0000000000000b88       0x22 /usr/lib/gcc/avr/4.9.2/../../../avr/lib/avr5/libm.a(fp_round.o)
                0x0000000000000b88                __fp_round
 .text.avr-libc.fplib
                0x0000000000000baa       0x44 /usr/lib/gcc/avr/4.9.2/../../../avr/lib/avr5/libm.a(fp_split3.o)
                0x0000000000000baa                __fp_split3
                0x0000000000000bba                __fp_splitA
 .text.avr-libc.fplib
                0x0000000000000bee        0xe /usr/lib/gcc/avr/4.9.2/../../../avr/lib/avr5/libm.a(fp_zero.o)
                0x0000000000000bee                __fp_zero
                0x0000000000000bf0                __fp_szero
 .text.avr-libc.fplib
                0x0000000000000bfc        0x8 /usr/lib/gcc/avr/4.9.2/../../../avr/lib/avr5/libm.a(mulsf3.o)
                0x0000000000000bfc                __mulsf3
 .text.avr-libc.fplib
                0x0000000000000c04       0xd2 /usr/lib/gcc/avr/4.9.2/../../../avr/lib/avr5/libm.a(mulsf3x.o)
                0x0000000000000c22                __mulsf3x
                0x0000000000000c28                __mulsf3_pse
                0x0000000000000cd6                . = ALIGN (0x2)
 *(.fini9)
 .fini9         0x0000000000000cd6        0x0 /usr/lib/gcc/avr/4.9.2/avr5/libgcc.a(_exit.o)
                0x0000000000000cd6                exit
                0x0000000000000cd6                _exit
 *(.fini9)
 *(.fini8)
 *(.fini8)
 *(.fini7)
 *(.fini7)
 *(.fini6)
 *(.fini6)
 *(.fini5)
 *(.fini5)
 *(.fini4)
 *(.fini4)
 *(.fini3)
 *(.fini3)
 *(.fini2)
 *(.fini2)
 *(.fini1)
 *(.fini1)
 *(.fini0)
 .fini0         0x0000000000000cd6        0x4 /usr/lib/gcc/avr/4.9.2/avr5/libgcc.a(_exit.o)
 *(.fini0)
                0x0000000000000cda                _etext = .

.data           0x0000000000800060        0xa load address 0x0000000000000cda
                0x0000000000800060                PROVIDE (__data_start, .)
 *(.data)
 .data          0x0000000000800060        0x0 /usr/lib/gcc/avr/4.9.2/../../../avr/lib/avr5/crtatmega16.o
 .data          0x0000000000800060        0x0 ./Source/main.o
 .data          0x0000000000800060        0x0 /usr/lib/gcc/avr/4.9.2/avr5/libgcc.a(_divmodhi4.o)
 .data          0x0000000000800060        0x0 /usr/lib/gcc/avr/4.9.2/avr5/libgcc.a(_exit.o)
 .data          0x0000000000800060        0x0 /usr/lib/gcc/avr/4.9.2/avr5/libgcc.a(_copy_data.o)
 .data          0x0000000000800060        0x0 /usr/lib/gcc/avr/4.9.2/avr5/libgcc.a(_clear_bss.o)
 .data          0x0000000000800060        0x0 /usr/lib/gcc/avr/4.9.2/avr5/libgcc.a(_udivmodhi4.o)
 .data          0x0000000000800060        0x0 /usr/lib/gcc/avr/4.9.2/../../../avr/lib/avr5/libm.a(addsf3.o)
 .data          0x0000000000800060        0x0 /usr/lib/gcc/avr/4.9.2/../../../avr/lib/avr5/libm.a(addsf3x.o)
 .data          0x0000000000800060        0x0 /usr/lib/gcc/avr/4.9.2/../../../avr/lib/avr5/libm.a(divsf3.o)
 .data          0x0000000000800060        0x0 /usr/lib/gcc/avr/4.9.2/../../../avr/lib/avr5/libm.a(divsf3x.o)
 .data          0x0000000000800060        0x0 /usr/lib/gcc/avr/4.9.2/../../../avr/lib/avr5/libm.a(fixsfsi.o)
 .data          0x0000000000800060        0x0 /usr/lib/gcc/avr/4.9.2/../../../avr/lib/avr5/libm.a(fixunssfsi.o)
 .data          0x0000000000800060        0x0 /usr/lib/gcc/avr/4.9.2/../../../avr/lib/avr5/libm.a(floatsisf.o)
 .data          0x0000000000800060        0x0 /usr/lib/gcc/avr/4.9.2/../../../avr/lib/avr5/libm.a(fp_inf.o)
 .data          0x0000000000800060        0x0 /usr/lib/gcc/avr/4.9.2/../../../avr/lib/avr5/libm.a(fp_nan.o)
 .data          0x0000000000800060        0x0 /usr/lib/gcc/avr/4.9.2/../../../avr/lib/avr5/libm.a(fp_pscA.o)
 .data          0x0000000000800060        0x0 /usr/lib/gcc/avr/4.9.2/../../../avr/lib/avr5/libm.a(fp_pscB.o)
 .data          0x0000000000800060        0x0 /usr/lib/gcc/avr/4.9.2/../../../avr/lib/avr5/libm.a(fp_round.o)
 .data          0x0000000000800060        0x0 /usr/lib/gcc/avr/4.9.2/../../../avr/lib/avr5/libm.a(fp_split3.o)
 .data          0x0000000000800060        0x0 /usr/lib/gcc/avr/4.9.2/../../../avr/lib/avr5/libm.a(fp_zero.o)
 .data          0x0000000000800060        0x0 /usr/lib/gcc/avr/4.9.2/../../../avr/lib/avr5/libm.a(mulsf3.o)
 .data          0x0000000000800060        0x0 /usr/lib/gcc/avr/4.9.2/../../../avr/lib/avr5/libm.a(mulsf3x.o)
 *(.data*)
 .data.rec      0x0000000000800060        0x1 ./Source/main.o
                0x0000000000800060                rec
 .data.buffer2  0x0000000000800061        0x2 ./Source/main.o
                0x0000000000800061                buffer2
 .data.buffer   0x0000000000800063        0x2 ./Source/main.o
                0x0000000000800063                buffer
 .data.prevy    0x0000000000800065        0x2 ./Source/main.o
                0x0000000000800065                prevy
 .data.prevx    0x0000000000800067        0x2 ./Source/main.o
                0x0000000000800067                prevx
 *(.rodata)
 *(.rodata*)
 *(.gnu.linkonce.d*)
                0x000000000080006a                . = ALIGN (0x2)
 *fill*         0x0000000000800069        0x1 
                0x000000000080006a                _edata = .
                0x000000000080006a                PROVIDE (__data_end, .)

.bss            0x000000000080006a       0x1c
                0x000000000080006a                PROVIDE (__bss_start, .)
 *(.bss)
 .bss           0x000000000080006a        0x0 /usr/lib/gcc/avr/4.9.2/../../../avr/lib/avr5/crtatmega16.o
 .bss           0x000000000080006a        0x0 ./Source/main.o
 .bss           0x000000000080006a        0x0 /usr/lib/gcc/avr/4.9.2/avr5/libgcc.a(_divmodhi4.o)
 .bss           0x000000000080006a        0x0 /usr/lib/gcc/avr/4.9.2/avr5/libgcc.a(_exit.o)
 .bss           0x000000000080006a        0x0 /usr/lib/gcc/avr/4.9.2/avr5/libgcc.a(_copy_data.o)
 .bss           0x000000000080006a        0x0 /usr/lib/gcc/avr/4.9.2/avr5/libgcc.a(_clear_bss.o)
 .bss           0x000000000080006a        0x0 /usr/lib/gcc/avr/4.9.2/avr5/libgcc.a(_udivmodhi4.o)
 .bss           0x000000000080006a        0x0 /usr/lib/gcc/avr/4.9.2/../../../avr/lib/avr5/libm.a(addsf3.o)
 .bss           0x000000000080006a        0x0 /usr/lib/gcc/avr/4.9.2/../../../avr/lib/avr5/libm.a(addsf3x.o)
 .bss           0x000000000080006a        0x0 /usr/lib/gcc/avr/4.9.2/../../../avr/lib/avr5/libm.a(divsf3.o)
 .bss           0x000000000080006a        0x0 /usr/lib/gcc/avr/4.9.2/../../../avr/lib/avr5/libm.a(divsf3x.o)
 .bss           0x000000000080006a        0x0 /usr/lib/gcc/avr/4.9.2/../../../avr/lib/avr5/libm.a(fixsfsi.o)
 .bss           0x000000000080006a        0x0 /usr/lib/gcc/avr/4.9.2/../../../avr/lib/avr5/libm.a(fixunssfsi.o)
 .bss           0x000000000080006a        0x0 /usr/lib/gcc/avr/4.9.2/../../../avr/lib/avr5/libm.a(floatsisf.o)
 .bss           0x000000000080006a        0x0 /usr/lib/gcc/avr/4.9.2/../../../avr/lib/avr5/libm.a(fp_inf.o)
 .bss           0x000000000080006a        0x0 /usr/lib/gcc/avr/4.9.2/../../../avr/lib/avr5/libm.a(fp_nan.o)
 .bss           0x000000000080006a        0x0 /usr/lib/gcc/avr/4.9.2/../../../avr/lib/avr5/libm.a(fp_pscA.o)
 .bss           0x000000000080006a        0x0 /usr/lib/gcc/avr/4.9.2/../../../avr/lib/avr5/libm.a(fp_pscB.o)
 .bss           0x000000000080006a        0x0 /usr/lib/gcc/avr/4.9.2/../../../avr/lib/avr5/libm.a(fp_round.o)
 .bss           0x000000000080006a        0x0 /usr/lib/gcc/avr/4.9.2/../../../avr/lib/avr5/libm.a(fp_split3.o)
 .bss           0x000000000080006a        0x0 /usr/lib/gcc/avr/4.9.2/../../../avr/lib/avr5/libm.a(fp_zero.o)
 .bss           0x000000000080006a        0x0 /usr/lib/gcc/avr/4.9.2/../../../avr/lib/avr5/libm.a(mulsf3.o)
 .bss           0x000000000080006a        0x0 /usr/lib/gcc/avr/4.9.2/../../../avr/lib/avr5/libm.a(mulsf3x.o)
 *(.bss*)
 .bss.b         0x000000000080006a        0x2 ./Source/main.o
                0x000000000080006a                b
 .bss.a         0x000000000080006c        0x2 ./Source/main.o
                0x000000000080006c                a
 .bss.right     0x000000000080006e        0x2 ./Source/main.o
                0x000000000080006e                right
 .bss.left      0x0000000000800070        0x2 ./Source/main.o
                0x0000000000800070                left
 .bss.done      0x0000000000800072        0x2 ./Source/main.o
                0x0000000000800072                done
 .bss.ty        0x0000000000800074        0x2 ./Source/main.o
                0x0000000000800074                ty
 .bss.tx        0x0000000000800076        0x2 ./Source/main.o
                0x0000000000800076                tx
 .bss.count     0x0000000000800078        0x2 ./Source/main.o
                0x0000000000800078                count
 .bss.in        0x000000000080007a        0x2 ./Source/main.o
                0x000000000080007a                in
 .bss.t         0x000000000080007c        0x2 ./Source/main.o
                0x000000000080007c                t
 .bss.kill      0x000000000080007e        0x2 ./Source/main.o
                0x000000000080007e                kill
 .bss.k         0x0000000000800080        0x2 ./Source/main.o
                0x0000000000800080                k
 .bss.y         0x0000000000800082        0x2 ./Source/main.o
                0x0000000000800082                y
 .bss.x         0x0000000000800084        0x2 ./Source/main.o
                0x0000000000800084                x
 *(COMMON)
                0x0000000000800086                PROVIDE (__bss_end, .)
                0x0000000000000cda                __data_load_start = LOADADDR (.data)
                0x0000000000000ce4                __data_load_end = (__data_load_start + SIZEOF (.data))

.noinit         0x0000000000800086        0x0
                0x0000000000800086                PROVIDE (__noinit_start, .)
 *(.noinit*)
                0x0000000000800086                PROVIDE (__noinit_end, .)
                0x0000000000800086                _end = .
                0x0000000000800086                PROVIDE (__heap_start, .)

.eeprom         0x0000000000810000        0x0
 *(.eeprom*)
                0x0000000000810000                __eeprom_end = .

.fuse
 *(.fuse)
 *(.lfuse)
 *(.hfuse)
 *(.efuse)

.lock
 *(.lock*)

.signature
 *(.signature*)

.user_signatures
 *(.user_signatures*)

.stab
 *(.stab)

.stabstr
 *(.stabstr)

.stab.excl
 *(.stab.excl)

.stab.exclstr
 *(.stab.exclstr)

.stab.index
 *(.stab.index)

.stab.indexstr
 *(.stab.indexstr)

.comment        0x0000000000000000       0x11
 *(.comment)
 .comment       0x0000000000000000       0x11 ./Source/main.o
                                         0x12 (size before relaxing)

.note.gnu.avr.deviceinfo
                0x0000000000000000       0x3c
 .note.gnu.avr.deviceinfo
                0x0000000000000000       0x3c /usr/lib/gcc/avr/4.9.2/../../../avr/lib/avr5/crtatmega16.o

.note.gnu.build-id
 *(.note.gnu.build-id)

.debug
 *(.debug)

.line
 *(.line)

.debug_srcinfo
 *(.debug_srcinfo)

.debug_sfnames
 *(.debug_sfnames)

.debug_aranges
 *(.debug_aranges)

.debug_pubnames
 *(.debug_pubnames)

.debug_info
 *(.debug_info .gnu.linkonce.wi.*)

.debug_abbrev
 *(.debug_abbrev)

.debug_line
 *(.debug_line .debug_line.* .debug_line_end)

.debug_frame
 *(.debug_frame)

.debug_str
 *(.debug_str)

.debug_loc
 *(.debug_loc)

.debug_macinfo
 *(.debug_macinfo)

.debug_weaknames
 *(.debug_weaknames)

.debug_funcnames
 *(.debug_funcnames)

.debug_typenames
 *(.debug_typenames)

.debug_varnames
 *(.debug_varnames)

.debug_pubtypes
 *(.debug_pubtypes)

.debug_ranges
 *(.debug_ranges)

.debug_macro
 *(.debug_macro)
OUTPUT(ReceiverCode16.elf elf32-avr)
LOAD linker stubs
