Archive member included to satisfy reference by file (symbol)

/usr/lib/gcc/avr/4.9.2/avr5/libgcc.a(_exit.o)
                              /usr/lib/gcc/avr/4.9.2/../../../avr/lib/avr5/crtatmega32.o (exit)
/usr/lib/gcc/avr/4.9.2/avr5/libgcc.a(_clear_bss.o)
                              ./Source/main.o (__do_clear_bss)
/usr/lib/gcc/avr/4.9.2/../../../avr/lib/avr5/libm.a(divsf3.o)
                              ./Source/main.o (__divsf3)
/usr/lib/gcc/avr/4.9.2/../../../avr/lib/avr5/libm.a(divsf3x.o)
                              /usr/lib/gcc/avr/4.9.2/../../../avr/lib/avr5/libm.a(divsf3.o) (__divsf3x)
/usr/lib/gcc/avr/4.9.2/../../../avr/lib/avr5/libm.a(fixsfsi.o)
                              ./Source/main.o (__fixsfsi)
/usr/lib/gcc/avr/4.9.2/../../../avr/lib/avr5/libm.a(fixunssfsi.o)
                              /usr/lib/gcc/avr/4.9.2/../../../avr/lib/avr5/libm.a(fixsfsi.o) (__fixunssfsi)
/usr/lib/gcc/avr/4.9.2/../../../avr/lib/avr5/libm.a(floatsisf.o)
                              ./Source/main.o (__floatsisf)
/usr/lib/gcc/avr/4.9.2/../../../avr/lib/avr5/libm.a(fp_inf.o)
                              /usr/lib/gcc/avr/4.9.2/../../../avr/lib/avr5/libm.a(divsf3x.o) (__fp_inf)
/usr/lib/gcc/avr/4.9.2/../../../avr/lib/avr5/libm.a(fp_nan.o)
                              /usr/lib/gcc/avr/4.9.2/../../../avr/lib/avr5/libm.a(divsf3x.o) (__fp_nan)
/usr/lib/gcc/avr/4.9.2/../../../avr/lib/avr5/libm.a(fp_pscA.o)
                              /usr/lib/gcc/avr/4.9.2/../../../avr/lib/avr5/libm.a(divsf3x.o) (__fp_pscA)
/usr/lib/gcc/avr/4.9.2/../../../avr/lib/avr5/libm.a(fp_pscB.o)
                              /usr/lib/gcc/avr/4.9.2/../../../avr/lib/avr5/libm.a(divsf3x.o) (__fp_pscB)
/usr/lib/gcc/avr/4.9.2/../../../avr/lib/avr5/libm.a(fp_round.o)
                              /usr/lib/gcc/avr/4.9.2/../../../avr/lib/avr5/libm.a(divsf3.o) (__fp_round)
/usr/lib/gcc/avr/4.9.2/../../../avr/lib/avr5/libm.a(fp_split3.o)
                              /usr/lib/gcc/avr/4.9.2/../../../avr/lib/avr5/libm.a(divsf3x.o) (__fp_split3)
/usr/lib/gcc/avr/4.9.2/../../../avr/lib/avr5/libm.a(fp_zero.o)
                              /usr/lib/gcc/avr/4.9.2/../../../avr/lib/avr5/libm.a(fixunssfsi.o) (__fp_zero)
/usr/lib/gcc/avr/4.9.2/../../../avr/lib/avr5/libm.a(mulsf3.o)
                              ./Source/main.o (__mulsf3)
/usr/lib/gcc/avr/4.9.2/../../../avr/lib/avr5/libm.a(mulsf3x.o)
                              /usr/lib/gcc/avr/4.9.2/../../../avr/lib/avr5/libm.a(mulsf3.o) (__mulsf3x)

Memory Configuration

Name             Origin             Length             Attributes
text             0x0000000000000000 0x0000000000020000 xr
data             0x0000000000800060 0x000000000000ffa0 rw !x
eeprom           0x0000000000810000 0x0000000000010000 rw !x
fuse             0x0000000000820000 0x0000000000000400 rw !x
lock             0x0000000000830000 0x0000000000000400 rw !x
signature        0x0000000000840000 0x0000000000000400 rw !x
user_signatures  0x0000000000850000 0x0000000000000400 rw !x
*default*        0x0000000000000000 0xffffffffffffffff

Linker script and memory map

LOAD /usr/lib/gcc/avr/4.9.2/../../../avr/lib/avr5/crtatmega32.o
LOAD ./Source/main.o
START GROUP
LOAD /usr/lib/gcc/avr/4.9.2/avr5/libgcc.a
LOAD /usr/lib/gcc/avr/4.9.2/../../../avr/lib/avr5/libm.a
LOAD /usr/lib/gcc/avr/4.9.2/../../../avr/lib/avr5/libc.a
LOAD /usr/lib/gcc/avr/4.9.2/../../../avr/lib/avr5/libatmega32.a
END GROUP

.hash
 *(.hash)

.dynsym
 *(.dynsym)

.dynstr
 *(.dynstr)

.gnu.version
 *(.gnu.version)

.gnu.version_d
 *(.gnu.version_d)

.gnu.version_r
 *(.gnu.version_r)

.rel.init
 *(.rel.init)

.rela.init
 *(.rela.init)

.rel.text
 *(.rel.text)
 *(.rel.text.*)
 *(.rel.gnu.linkonce.t*)

.rela.text
 *(.rela.text)
 *(.rela.text.*)
 *(.rela.gnu.linkonce.t*)

.rel.fini
 *(.rel.fini)

.rela.fini
 *(.rela.fini)

.rel.rodata
 *(.rel.rodata)
 *(.rel.rodata.*)
 *(.rel.gnu.linkonce.r*)

.rela.rodata
 *(.rela.rodata)
 *(.rela.rodata.*)
 *(.rela.gnu.linkonce.r*)

.rel.data
 *(.rel.data)
 *(.rel.data.*)
 *(.rel.gnu.linkonce.d*)

.rela.data
 *(.rela.data)
 *(.rela.data.*)
 *(.rela.gnu.linkonce.d*)

.rel.ctors
 *(.rel.ctors)

.rela.ctors
 *(.rela.ctors)

.rel.dtors
 *(.rel.dtors)

.rela.dtors
 *(.rela.dtors)

.rel.got
 *(.rel.got)

.rela.got
 *(.rela.got)

.rel.bss
 *(.rel.bss)

.rela.bss
 *(.rela.bss)

.rel.plt
 *(.rel.plt)

.rela.plt
 *(.rela.plt)

.text           0x0000000000000000      0x54a
 *(.vectors)
 .vectors       0x0000000000000000       0x54 /usr/lib/gcc/avr/4.9.2/../../../avr/lib/avr5/crtatmega32.o
                0x0000000000000000                __vectors
                0x0000000000000000                __vector_default
 *(.vectors)
 *(.progmem.gcc*)
                0x0000000000000054                . = ALIGN (0x2)
                0x0000000000000054                __trampolines_start = .
 *(.trampolines)
 .trampolines   0x0000000000000054        0x0 linker stubs
 *(.trampolines*)
                0x0000000000000054                __trampolines_end = .
 *(.progmem*)
                0x0000000000000054                . = ALIGN (0x2)
 *(.jumptables)
 *(.jumptables*)
 *(.lowtext)
 *(.lowtext*)
                0x0000000000000054                __ctors_start = .
 *(.ctors)
                0x0000000000000054                __ctors_end = .
                0x0000000000000054                __dtors_start = .
 *(.dtors)
                0x0000000000000054                __dtors_end = .
 SORT(*)(.ctors)
 SORT(*)(.dtors)
 *(.init0)
 .init0         0x0000000000000054        0x0 /usr/lib/gcc/avr/4.9.2/../../../avr/lib/avr5/crtatmega32.o
                0x0000000000000054                __init
 *(.init0)
 *(.init1)
 *(.init1)
 *(.init2)
 .init2         0x0000000000000054        0xc /usr/lib/gcc/avr/4.9.2/../../../avr/lib/avr5/crtatmega32.o
 *(.init2)
 *(.init3)
 *(.init3)
 *(.init4)
 .init4         0x0000000000000060       0x10 /usr/lib/gcc/avr/4.9.2/avr5/libgcc.a(_clear_bss.o)
                0x0000000000000060                __do_clear_bss
 *(.init4)
 *(.init5)
 *(.init5)
 *(.init6)
 *(.init6)
 *(.init7)
 *(.init7)
 *(.init8)
 *(.init8)
 *(.init9)
 .init9         0x0000000000000070        0x8 /usr/lib/gcc/avr/4.9.2/../../../avr/lib/avr5/crtatmega32.o
 *(.init9)
 *(.text)
 .text          0x0000000000000078        0x4 /usr/lib/gcc/avr/4.9.2/../../../avr/lib/avr5/crtatmega32.o
                0x0000000000000078                __vector_1
                0x0000000000000078                __vector_12
                0x0000000000000078                __bad_interrupt
                0x0000000000000078                __vector_6
                0x0000000000000078                __vector_3
                0x0000000000000078                __vector_11
                0x0000000000000078                __vector_13
                0x0000000000000078                __vector_17
                0x0000000000000078                __vector_19
                0x0000000000000078                __vector_7
                0x0000000000000078                __vector_5
                0x0000000000000078                __vector_4
                0x0000000000000078                __vector_9
                0x0000000000000078                __vector_15
                0x0000000000000078                __vector_8
                0x0000000000000078                __vector_14
                0x0000000000000078                __vector_10
                0x0000000000000078                __vector_18
                0x0000000000000078                __vector_20
 .text          0x000000000000007c        0x0 ./Source/main.o
 .text          0x000000000000007c        0x0 /usr/lib/gcc/avr/4.9.2/avr5/libgcc.a(_exit.o)
 .text          0x000000000000007c        0x0 /usr/lib/gcc/avr/4.9.2/avr5/libgcc.a(_clear_bss.o)
 .text          0x000000000000007c        0x0 /usr/lib/gcc/avr/4.9.2/../../../avr/lib/avr5/libm.a(divsf3.o)
 .text          0x000000000000007c        0x0 /usr/lib/gcc/avr/4.9.2/../../../avr/lib/avr5/libm.a(divsf3x.o)
 .text          0x000000000000007c        0x0 /usr/lib/gcc/avr/4.9.2/../../../avr/lib/avr5/libm.a(fixsfsi.o)
 .text          0x000000000000007c        0x0 /usr/lib/gcc/avr/4.9.2/../../../avr/lib/avr5/libm.a(fixunssfsi.o)
 .text          0x000000000000007c        0x0 /usr/lib/gcc/avr/4.9.2/../../../avr/lib/avr5/libm.a(floatsisf.o)
 .text          0x000000000000007c        0x0 /usr/lib/gcc/avr/4.9.2/../../../avr/lib/avr5/libm.a(fp_inf.o)
 .text          0x000000000000007c        0x0 /usr/lib/gcc/avr/4.9.2/../../../avr/lib/avr5/libm.a(fp_nan.o)
 .text          0x000000000000007c        0x0 /usr/lib/gcc/avr/4.9.2/../../../avr/lib/avr5/libm.a(fp_pscA.o)
 .text          0x000000000000007c        0x0 /usr/lib/gcc/avr/4.9.2/../../../avr/lib/avr5/libm.a(fp_pscB.o)
 .text          0x000000000000007c        0x0 /usr/lib/gcc/avr/4.9.2/../../../avr/lib/avr5/libm.a(fp_round.o)
 .text          0x000000000000007c        0x0 /usr/lib/gcc/avr/4.9.2/../../../avr/lib/avr5/libm.a(fp_split3.o)
 .text          0x000000000000007c        0x0 /usr/lib/gcc/avr/4.9.2/../../../avr/lib/avr5/libm.a(fp_zero.o)
 .text          0x000000000000007c        0x0 /usr/lib/gcc/avr/4.9.2/../../../avr/lib/avr5/libm.a(mulsf3.o)
 .text          0x000000000000007c        0x0 /usr/lib/gcc/avr/4.9.2/../../../avr/lib/avr5/libm.a(mulsf3x.o)
                0x000000000000007c                . = ALIGN (0x2)
 *(.text.*)
 .text.startup.main
                0x000000000000007c       0x84 ./Source/main.o
                0x000000000000007c                main
 .text.__vector_16
                0x0000000000000100       0xa0 ./Source/main.o
                0x0000000000000100                __vector_16
 .text.__vector_2
                0x00000000000001a0       0x60 ./Source/main.o
                0x00000000000001a0                __vector_2
 .text.libgcc.mul
                0x0000000000000200        0x0 /usr/lib/gcc/avr/4.9.2/avr5/libgcc.a(_exit.o)
 .text.libgcc.div
                0x0000000000000200        0x0 /usr/lib/gcc/avr/4.9.2/avr5/libgcc.a(_exit.o)
 .text.libgcc   0x0000000000000200        0x0 /usr/lib/gcc/avr/4.9.2/avr5/libgcc.a(_exit.o)
 .text.libgcc.prologue
                0x0000000000000200        0x0 /usr/lib/gcc/avr/4.9.2/avr5/libgcc.a(_exit.o)
 .text.libgcc.builtins
                0x0000000000000200        0x0 /usr/lib/gcc/avr/4.9.2/avr5/libgcc.a(_exit.o)
 .text.libgcc.fmul
                0x0000000000000200        0x0 /usr/lib/gcc/avr/4.9.2/avr5/libgcc.a(_exit.o)
 .text.libgcc.fixed
                0x0000000000000200        0x0 /usr/lib/gcc/avr/4.9.2/avr5/libgcc.a(_exit.o)
 .text.libgcc.mul
                0x0000000000000200        0x0 /usr/lib/gcc/avr/4.9.2/avr5/libgcc.a(_clear_bss.o)
 .text.libgcc.div
                0x0000000000000200        0x0 /usr/lib/gcc/avr/4.9.2/avr5/libgcc.a(_clear_bss.o)
 .text.libgcc   0x0000000000000200        0x0 /usr/lib/gcc/avr/4.9.2/avr5/libgcc.a(_clear_bss.o)
 .text.libgcc.prologue
                0x0000000000000200        0x0 /usr/lib/gcc/avr/4.9.2/avr5/libgcc.a(_clear_bss.o)
 .text.libgcc.builtins
                0x0000000000000200        0x0 /usr/lib/gcc/avr/4.9.2/avr5/libgcc.a(_clear_bss.o)
 .text.libgcc.fmul
                0x0000000000000200        0x0 /usr/lib/gcc/avr/4.9.2/avr5/libgcc.a(_clear_bss.o)
 .text.libgcc.fixed
                0x0000000000000200        0x0 /usr/lib/gcc/avr/4.9.2/avr5/libgcc.a(_clear_bss.o)
 .text.avr-libc.fplib
                0x0000000000000200        0x8 /usr/lib/gcc/avr/4.9.2/../../../avr/lib/avr5/libm.a(divsf3.o)
                0x0000000000000200                __divsf3
 .text.avr-libc.fplib
                0x0000000000000208       0xdc /usr/lib/gcc/avr/4.9.2/../../../avr/lib/avr5/libm.a(divsf3x.o)
                0x0000000000000228                __divsf3x
                0x000000000000022e                __divsf3_pse
 .text.avr-libc.fplib
                0x00000000000002e4        0xe /usr/lib/gcc/avr/4.9.2/../../../avr/lib/avr5/libm.a(fixsfsi.o)
                0x00000000000002e4                __fixsfsi
 .text.avr-libc.fplib
                0x00000000000002f2       0x5e /usr/lib/gcc/avr/4.9.2/../../../avr/lib/avr5/libm.a(fixunssfsi.o)
                0x00000000000002f2                __fixunssfsi
 .text.avr-libc.fplib
                0x0000000000000350       0x7a /usr/lib/gcc/avr/4.9.2/../../../avr/lib/avr5/libm.a(floatsisf.o)
                0x0000000000000350                __floatunsisf
                0x0000000000000354                __floatsisf
 .text.avr-libc.fplib
                0x00000000000003ca        0xc /usr/lib/gcc/avr/4.9.2/../../../avr/lib/avr5/libm.a(fp_inf.o)
                0x00000000000003ca                __fp_inf
 .text.avr-libc.fplib
                0x00000000000003d6        0x6 /usr/lib/gcc/avr/4.9.2/../../../avr/lib/avr5/libm.a(fp_nan.o)
                0x00000000000003d6                __fp_nan
 .text.avr-libc.fplib
                0x00000000000003dc        0xe /usr/lib/gcc/avr/4.9.2/../../../avr/lib/avr5/libm.a(fp_pscA.o)
                0x00000000000003dc                __fp_pscA
 .text.avr-libc.fplib
                0x00000000000003ea        0xe /usr/lib/gcc/avr/4.9.2/../../../avr/lib/avr5/libm.a(fp_pscB.o)
                0x00000000000003ea                __fp_pscB
 .text.avr-libc.fplib
                0x00000000000003f8       0x22 /usr/lib/gcc/avr/4.9.2/../../../avr/lib/avr5/libm.a(fp_round.o)
                0x00000000000003f8                __fp_round
 .text.avr-libc.fplib
                0x000000000000041a       0x44 /usr/lib/gcc/avr/4.9.2/../../../avr/lib/avr5/libm.a(fp_split3.o)
                0x000000000000041a                __fp_split3
                0x000000000000042a                __fp_splitA
 .text.avr-libc.fplib
                0x000000000000045e        0xe /usr/lib/gcc/avr/4.9.2/../../../avr/lib/avr5/libm.a(fp_zero.o)
                0x000000000000045e                __fp_zero
                0x0000000000000460                __fp_szero
 .text.avr-libc.fplib
                0x000000000000046c        0x8 /usr/lib/gcc/avr/4.9.2/../../../avr/lib/avr5/libm.a(mulsf3.o)
                0x000000000000046c                __mulsf3
 .text.avr-libc.fplib
                0x0000000000000474       0xd2 /usr/lib/gcc/avr/4.9.2/../../../avr/lib/avr5/libm.a(mulsf3x.o)
                0x0000000000000492                __mulsf3x
                0x0000000000000498                __mulsf3_pse
                0x0000000000000546                . = ALIGN (0x2)
 *(.fini9)
 .fini9         0x0000000000000546        0x0 /usr/lib/gcc/avr/4.9.2/avr5/libgcc.a(_exit.o)
                0x0000000000000546                exit
                0x0000000000000546                _exit
 *(.fini9)
 *(.fini8)
 *(.fini8)
 *(.fini7)
 *(.fini7)
 *(.fini6)
 *(.fini6)
 *(.fini5)
 *(.fini5)
 *(.fini4)
 *(.fini4)
 *(.fini3)
 *(.fini3)
 *(.fini2)
 *(.fini2)
 *(.fini1)
 *(.fini1)
 *(.fini0)
 .fini0         0x0000000000000546        0x4 /usr/lib/gcc/avr/4.9.2/avr5/libgcc.a(_exit.o)
 *(.fini0)
                0x000000000000054a                _etext = .

.data           0x0000000000800060        0x0 load address 0x000000000000054a
                0x0000000000800060                PROVIDE (__data_start, .)
 *(.data)
 .data          0x0000000000800060        0x0 /usr/lib/gcc/avr/4.9.2/../../../avr/lib/avr5/crtatmega32.o
 .data          0x0000000000800060        0x0 ./Source/main.o
 .data          0x0000000000800060        0x0 /usr/lib/gcc/avr/4.9.2/avr5/libgcc.a(_exit.o)
 .data          0x0000000000800060        0x0 /usr/lib/gcc/avr/4.9.2/avr5/libgcc.a(_clear_bss.o)
 .data          0x0000000000800060        0x0 /usr/lib/gcc/avr/4.9.2/../../../avr/lib/avr5/libm.a(divsf3.o)
 .data          0x0000000000800060        0x0 /usr/lib/gcc/avr/4.9.2/../../../avr/lib/avr5/libm.a(divsf3x.o)
 .data          0x0000000000800060        0x0 /usr/lib/gcc/avr/4.9.2/../../../avr/lib/avr5/libm.a(fixsfsi.o)
 .data          0x0000000000800060        0x0 /usr/lib/gcc/avr/4.9.2/../../../avr/lib/avr5/libm.a(fixunssfsi.o)
 .data          0x0000000000800060        0x0 /usr/lib/gcc/avr/4.9.2/../../../avr/lib/avr5/libm.a(floatsisf.o)
 .data          0x0000000000800060        0x0 /usr/lib/gcc/avr/4.9.2/../../../avr/lib/avr5/libm.a(fp_inf.o)
 .data          0x0000000000800060        0x0 /usr/lib/gcc/avr/4.9.2/../../../avr/lib/avr5/libm.a(fp_nan.o)
 .data          0x0000000000800060        0x0 /usr/lib/gcc/avr/4.9.2/../../../avr/lib/avr5/libm.a(fp_pscA.o)
 .data          0x0000000000800060        0x0 /usr/lib/gcc/avr/4.9.2/../../../avr/lib/avr5/libm.a(fp_pscB.o)
 .data          0x0000000000800060        0x0 /usr/lib/gcc/avr/4.9.2/../../../avr/lib/avr5/libm.a(fp_round.o)
 .data          0x0000000000800060        0x0 /usr/lib/gcc/avr/4.9.2/../../../avr/lib/avr5/libm.a(fp_split3.o)
 .data          0x0000000000800060        0x0 /usr/lib/gcc/avr/4.9.2/../../../avr/lib/avr5/libm.a(fp_zero.o)
 .data          0x0000000000800060        0x0 /usr/lib/gcc/avr/4.9.2/../../../avr/lib/avr5/libm.a(mulsf3.o)
 .data          0x0000000000800060        0x0 /usr/lib/gcc/avr/4.9.2/../../../avr/lib/avr5/libm.a(mulsf3x.o)
 *(.data*)
 *(.rodata)
 *(.rodata*)
 *(.gnu.linkonce.d*)
                0x0000000000800060                . = ALIGN (0x2)
                0x0000000000800060                _edata = .
                0x0000000000800060                PROVIDE (__data_end, .)

.bss            0x0000000000800060        0x6
                0x0000000000800060                PROVIDE (__bss_start, .)
 *(.bss)
 .bss           0x0000000000800060        0x0 /usr/lib/gcc/avr/4.9.2/../../../avr/lib/avr5/crtatmega32.o
 .bss           0x0000000000800060        0x0 ./Source/main.o
 .bss           0x0000000000800060        0x0 /usr/lib/gcc/avr/4.9.2/avr5/libgcc.a(_exit.o)
 .bss           0x0000000000800060        0x0 /usr/lib/gcc/avr/4.9.2/avr5/libgcc.a(_clear_bss.o)
 .bss           0x0000000000800060        0x0 /usr/lib/gcc/avr/4.9.2/../../../avr/lib/avr5/libm.a(divsf3.o)
 .bss           0x0000000000800060        0x0 /usr/lib/gcc/avr/4.9.2/../../../avr/lib/avr5/libm.a(divsf3x.o)
 .bss           0x0000000000800060        0x0 /usr/lib/gcc/avr/4.9.2/../../../avr/lib/avr5/libm.a(fixsfsi.o)
 .bss           0x0000000000800060        0x0 /usr/lib/gcc/avr/4.9.2/../../../avr/lib/avr5/libm.a(fixunssfsi.o)
 .bss           0x0000000000800060        0x0 /usr/lib/gcc/avr/4.9.2/../../../avr/lib/avr5/libm.a(floatsisf.o)
 .bss           0x0000000000800060        0x0 /usr/lib/gcc/avr/4.9.2/../../../avr/lib/avr5/libm.a(fp_inf.o)
 .bss           0x0000000000800060        0x0 /usr/lib/gcc/avr/4.9.2/../../../avr/lib/avr5/libm.a(fp_nan.o)
 .bss           0x0000000000800060        0x0 /usr/lib/gcc/avr/4.9.2/../../../avr/lib/avr5/libm.a(fp_pscA.o)
 .bss           0x0000000000800060        0x0 /usr/lib/gcc/avr/4.9.2/../../../avr/lib/avr5/libm.a(fp_pscB.o)
 .bss           0x0000000000800060        0x0 /usr/lib/gcc/avr/4.9.2/../../../avr/lib/avr5/libm.a(fp_round.o)
 .bss           0x0000000000800060        0x0 /usr/lib/gcc/avr/4.9.2/../../../avr/lib/avr5/libm.a(fp_split3.o)
 .bss           0x0000000000800060        0x0 /usr/lib/gcc/avr/4.9.2/../../../avr/lib/avr5/libm.a(fp_zero.o)
 .bss           0x0000000000800060        0x0 /usr/lib/gcc/avr/4.9.2/../../../avr/lib/avr5/libm.a(mulsf3.o)
 .bss           0x0000000000800060        0x0 /usr/lib/gcc/avr/4.9.2/../../../avr/lib/avr5/libm.a(mulsf3x.o)
 *(.bss*)
 .bss.mode      0x0000000000800060        0x2 ./Source/main.o
                0x0000000000800060                mode
 .bss.y         0x0000000000800062        0x2 ./Source/main.o
                0x0000000000800062                y
 .bss.x         0x0000000000800064        0x2 ./Source/main.o
                0x0000000000800064                x
 *(COMMON)
                0x0000000000800066                PROVIDE (__bss_end, .)
                0x000000000000054a                __data_load_start = LOADADDR (.data)
                0x000000000000054a                __data_load_end = (__data_load_start + SIZEOF (.data))

.noinit         0x0000000000800066        0x0
                0x0000000000800066                PROVIDE (__noinit_start, .)
 *(.noinit*)
                0x0000000000800066                PROVIDE (__noinit_end, .)
                0x0000000000800066                _end = .
                0x0000000000800066                PROVIDE (__heap_start, .)

.eeprom         0x0000000000810000        0x0
 *(.eeprom*)
                0x0000000000810000                __eeprom_end = .

.fuse
 *(.fuse)
 *(.lfuse)
 *(.hfuse)
 *(.efuse)

.lock
 *(.lock*)

.signature
 *(.signature*)

.user_signatures
 *(.user_signatures*)

.stab
 *(.stab)

.stabstr
 *(.stabstr)

.stab.excl
 *(.stab.excl)

.stab.exclstr
 *(.stab.exclstr)

.stab.index
 *(.stab.index)

.stab.indexstr
 *(.stab.indexstr)

.comment        0x0000000000000000       0x11
 *(.comment)
 .comment       0x0000000000000000       0x11 ./Source/main.o
                                         0x12 (size before relaxing)

.note.gnu.avr.deviceinfo
                0x0000000000000000       0x3c
 .note.gnu.avr.deviceinfo
                0x0000000000000000       0x3c /usr/lib/gcc/avr/4.9.2/../../../avr/lib/avr5/crtatmega32.o

.note.gnu.build-id
 *(.note.gnu.build-id)

.debug
 *(.debug)

.line
 *(.line)

.debug_srcinfo
 *(.debug_srcinfo)

.debug_sfnames
 *(.debug_sfnames)

.debug_aranges
 *(.debug_aranges)

.debug_pubnames
 *(.debug_pubnames)

.debug_info
 *(.debug_info .gnu.linkonce.wi.*)

.debug_abbrev
 *(.debug_abbrev)

.debug_line
 *(.debug_line .debug_line.* .debug_line_end)

.debug_frame
 *(.debug_frame)

.debug_str
 *(.debug_str)

.debug_loc
 *(.debug_loc)

.debug_macinfo
 *(.debug_macinfo)

.debug_weaknames
 *(.debug_weaknames)

.debug_funcnames
 *(.debug_funcnames)

.debug_typenames
 *(.debug_typenames)

.debug_varnames
 *(.debug_varnames)

.debug_pubtypes
 *(.debug_pubtypes)

.debug_ranges
 *(.debug_ranges)

.debug_macro
 *(.debug_macro)
OUTPUT(PWM1alpha.elf elf32-avr)
LOAD linker stubs
